python : C:\Users\Adriano\AppData\Roaming\Python\Python314\site-packages\pytest
_asyncio\plugin.py:207: PytestDeprecationWarning: The configuration option 
"asyncio_default_fixture_loop_scope" is unset.
No linha:1 caractere:1
+ python -m pytest tests/ --tb=short -q 2> ".\test_errors.txt" ; Get-Co ...
+ ~~~~~~~~~~~~~~~~~~~~~~~~~~~~~~~~~~~~~~~~~~~~~~~~~~~~~~~~~~~~
    + CategoryInfo          : NotSpecified: (C:\Users\Adrian...cope" is unset. 
   :String) [], RemoteException
    + FullyQualifiedErrorId : NativeCommandError
 
The event loop scope for asynchronous fixtures will default to the fixture 
caching scope. Future versions of pytest-asyncio will default the loop scope 
for asynchronous fixtures to function scope. Set the default fixture loop 
scope explicitly in order to avoid unexpected behavior in the future. Valid 
fixture loop scopes are: "function", "class", "module", "package", "session"

  warnings.warn(PytestDeprecationWarning(_DEFAULT_FIXTURE_LOOP_SCOPE_UNSET))
ERROR: file or directory not found: tests/

